// Jest Snapshot v1, https://goo.gl/fbAQLP

exports[`HelloWidget renders and matches our snapshot 1`] = `
<div
  className="HelloWidget"
>
  Hello
   
  Person
  !
  <br />
  This greeting has been abbreviated 
  0
   times.
  <br />
  <button
    className="abbreviate"
    onClick={[Function]}
  >
    Abbreviate
  </button>
  <button
    className="remove"
    onClick={[Function]}
  >
    Remove Me!
  </button>
</div>
`;
